
> weld-management-backend@1.0.0 test:jest
> cross-env NODE_ENV=test node --experimental-vm-modules node_modules/jest/bin/jest.js jest-tests/salaryPayments.test.js

node.exe : 
(node:16512) 
ExperimentalWarning: 
VM Modules is an 
experimental feature 
and might change at 
any time
At line:1 char:1
+ & "C:\Program Files
\nodejs/node.exe" "C:
\Users\Dell\AppData\R
oaming\n ...
+ ~~~~~~~~~~~~~~~~~~~
~~~~~~~~~~~~~~~~~~~~~
~~~~~~~~~~~~~~~~~~~~~
~~~~~~~~
    + CategoryInfo   
           : NotSpe  
  cified: ((node:1   
 6512) Ex...nge a    
t any time:Strin    
g) [], RemoteExc    
eption
    + FullyQualified 
   ErrorId : Native  
  CommandError
 
(Use `node 
--trace-warnings 
...` to show where 
the warning was 
created)
FAIL jest-tests/salar
yPayments.test.js 
(5.894 s)
  Salary 
advance/partial pay 
APIs
    ΓêÜ preview 
rejects 
unauthenticated (74 
ms)
    ΓêÜ pay rejects 
manager (no 
canManageSalary 
permission) (552 ms)
    ΓêÜ preview and 
pay full salary 
(deducts advance) 
(319 ms)
    ├ù preview and 
pay full salary with 
daily payments list 
(318 ms)
    ΓêÜ advance 
payment increases 
advanceBalance (304 
ms)
    ΓêÜ can update 
payDate/note and 
balances are 
recomputed (453 ms)
    ΓêÜ voiding a 
payment removes it 
from history and 
recomputes balance 
(352 ms)

  ΓùÅ Salary 
advance/partial pay 
APIs ΓÇ║ preview and 
pay full salary with 
daily payments list

    expect(received).
toBe(expected) // 
Object.is equality

    Expected: 5000
    Received: 6000

    [0m [90m 159 
|[39m     expect(pay
Res[33m.[39mbody[3
3m.[39msuccess)[33m
.[39mtoBe([36mtrue
[39m)
     [90m 160 
|[39m     expect(pay
Res[33m.[39mbody[3
3m.[39mdata[33m.[3
9mpayment[33m.[39mn
etAmount)[33m.[39mt
oBe([35m24000[39m)
    [31m[1m>[22m[
39m[90m 161 |[39m  
   expect(payRes[33m
.[39mbody[33m.[39m
data[33m.[39mpaymen
t[33m.[39madvanceBa
lanceBefore)[33m.[3
9mtoBe([35m5000[39m
)
     [90m     
|[39m               
                     
                     
  
[31m[1m^[22m[39m
     [90m 162 
|[39m     expect(pay
Res[33m.[39mbody[3
3m.[39mdata[33m.[3
9mpayment[33m.[39ma
dvanceBalanceAfter)[
33m.[39mtoBe([35m0
[39m)
     [90m 163 |[39m
     [90m 164 
|[39m     [90m// 
Verify daily 
payments were 
created[39m[0m

      at Object.toBe 
(jest-tests/salaryPay
ments.test.js:161:59)

Test Suites: 1 
failed, 1 total
Tests:       1 
failed, 6 passed, 7 
total
Snapshots:   0 total
Time:        6.132 
s, estimated 7 s
Ran all test suites 
matching /jest-tests\
\salaryPayments.test.
js/i.
